\BOOKMARK [0][-]{Doc-Start}{\376\377\000A\000b\000s\000t\000r\000a\000c\000t}{}% 1
\BOOKMARK [0][-]{chapter*.1}{\376\377\000A\000C\000K\000N\000O\000W\000L\000E\000D\000G\000E\000M\000E\000N\000T}{}% 2
\BOOKMARK [0][-]{chapter*.1}{\376\377\000T\000A\000B\000L\000E\000\040\000O\000F\000\040\000C\000O\000N\000T\000E\000N\000T\000S}{}% 3
\BOOKMARK [0][-]{chapter*.2}{\376\377\000L\000I\000S\000T\000\040\000O\000F\000\040\000T\000A\000B\000L\000E\000S}{}% 4
\BOOKMARK [0][-]{chapter*.3}{\376\377\000L\000I\000S\000T\000\040\000O\000F\000\040\000F\000I\000G\000U\000R\000E\000S}{}% 5
\BOOKMARK [0][-]{chapter*.4}{\376\377\000L\000I\000S\000T\000\040\000O\000F\000\040\000A\000B\000B\000R\000E\000V\000I\000A\000T\000I\000O\000N\000S\000\040\000A\000N\000D\000\040\000S\000Y\000M\000B\000O\000L\000S}{}% 6
\BOOKMARK [0][-]{chapter.1}{\376\377\000I\000N\000T\000R\000O\000D\000U\000C\000T\000I\000O\000N}{}% 7
\BOOKMARK [1][-]{section.1.1}{\376\377\000S\000I\000G\000N\000I\000F\000I\000C\000A\000N\000C\000E\000\040\000A\000N\000D\000\040\000B\000A\000C\000K\000G\000R\000O\000U\000N\000D\000\040\000O\000F\000\040\000T\000H\000E\000\040\000P\000R\000O\000B\000L\000E\000M}{chapter.1}% 8
\BOOKMARK [2][-]{subsection.1.1.1}{\376\377\000N\000o\000i\000s\000e\000\040\000P\000o\000l\000l\000u\000t\000i\000o\000n\000\040\000i\000n\000\040\000U\000U\000V}{section.1.1}% 9
\BOOKMARK [2][-]{subsection.1.1.2}{\376\377\000E\000n\000h\000a\000n\000c\000i\000n\000g\000\040\000M\000a\000r\000i\000n\000e\000\040\000S\000p\000e\000c\000i\000e\000s\000\040\000M\000o\000n\000i\000t\000o\000r\000i\000n\000g\000\040\000i\000n\000\040\000T\000h\000a\000i\000l\000a\000n\000d}{section.1.1}% 10
\BOOKMARK [2][-]{subsection.1.1.3}{\376\377\000E\000n\000s\000u\000r\000i\000n\000g\000\040\000M\000a\000i\000n\000t\000e\000n\000a\000n\000c\000e\000\040\000o\000f\000\040\000U\000n\000d\000e\000r\000w\000a\000t\000e\000r\000\040\000S\000y\000s\000t\000e\000m\000s}{section.1.1}% 11
\BOOKMARK [2][-]{subsection.1.1.4}{\376\377\000T\000r\000a\000d\000i\000t\000i\000o\000n\000a\000l\000\040\000U\000U\000V\000\040\000i\000s\000\040\000c\000o\000s\000t\000l\000y}{section.1.1}% 12
\BOOKMARK [1][-]{section.1.2}{\376\377\000O\000B\000J\000E\000C\000T\000I\000V\000E\000S\000\040\000O\000F\000\040\000T\000H\000E\000\040\000P\000R\000O\000J\000E\000C\000T}{chapter.1}% 13
\BOOKMARK [1][-]{section.1.3}{\376\377\000S\000C\000O\000P\000E\000\040\000A\000N\000D\000\040\000L\000I\000M\000I\000T\000A\000T\000I\000O\000N\000S\000\040\000O\000F\000\040\000P\000R\000O\000J\000E\000C\000T}{chapter.1}% 14
\BOOKMARK [1][-]{section.1.4}{\376\377\000M\000e\000t\000h\000o\000d\000o\000l\000o\000g\000y\000\040\000U\000s\000e\000d\000\040\000i\000n\000\040\000t\000h\000e\000\040\000P\000r\000o\000j\000e\000c\000t}{chapter.1}% 15
\BOOKMARK [2][-]{subsection.1.4.1}{\376\377\000S\000o\000f\000t\000w\000a\000r\000e\000\040\000D\000e\000v\000e\000l\000o\000p\000m\000e\000n\000t}{section.1.4}% 16
\BOOKMARK [2][-]{subsection.1.4.2}{\376\377\000C\000o\000m\000m\000u\000n\000i\000c\000a\000t\000i\000o\000n\000s}{section.1.4}% 17
\BOOKMARK [1][-]{section.1.5}{\376\377\000P\000r\000o\000j\000e\000c\000t\000\040\000I\000m\000p\000l\000e\000m\000e\000n\000t\000a\000t\000i\000o\000n\000\040\000P\000l\000a\000n}{chapter.1}% 18
\BOOKMARK [2][-]{subsection.1.5.1}{\376\377\000I\000n\000d\000e\000p\000e\000n\000d\000e\000n\000t\000\040\000S\000i\000t\000e\000\040\000S\000e\000l\000e\000c\000t\000i\000o\000n\000\040\000a\000n\000d\000\040\000M\000i\000s\000s\000i\000o\000n\000\040\000P\000l\000a\000n\000n\000i\000n\000g}{section.1.5}% 19
\BOOKMARK [2][-]{subsection.1.5.2}{\376\377\000D\000a\000t\000a\000\040\000a\000c\000q\000u\000i\000s\000i\000t\000i\000o\000n\000\040\000a\000n\000d\000\040\000a\000n\000a\000l\000y\000s\000i\000s}{section.1.5}% 20
\BOOKMARK [2][-]{subsection.1.5.3}{\376\377\000T\000a\000r\000g\000e\000t\000e\000d\000\040\000D\000e\000b\000r\000i\000s\000\040\000R\000e\000m\000o\000v\000a\000l\000\040\000O\000p\000e\000r\000a\000t\000i\000o\000n\000s}{section.1.5}% 21
\BOOKMARK [2][-]{subsection.1.5.4}{\376\377\000M\000a\000r\000i\000n\000e\000\040\000S\000p\000e\000c\000i\000e\000s\000\040\000D\000o\000c\000u\000m\000e\000n\000t\000a\000t\000i\000o\000n\000\040\000a\000n\000d\000\040\000M\000o\000n\000i\000t\000o\000r\000i\000n\000g}{section.1.5}% 22
\BOOKMARK [2][-]{subsection.1.5.5}{\376\377\000U\000n\000d\000e\000r\000w\000a\000t\000e\000r\000\040\000I\000n\000f\000r\000a\000s\000t\000r\000u\000c\000t\000u\000r\000e\000\040\000I\000n\000s\000p\000e\000c\000t\000i\000o\000n}{section.1.5}% 23
\BOOKMARK [1][-]{section.1.6}{\376\377\000B\000e\000n\000e\000f\000i\000t\000s\000\040\000D\000e\000r\000i\000v\000e\000d\000\040\000f\000r\000o\000m\000\040\000t\000h\000e\000\040\000R\000e\000s\000e\000a\000r\000c\000h}{chapter.1}% 24
\BOOKMARK [2][-]{subsection.1.6.1}{\376\377\000R\000e\000d\000u\000c\000e\000\040\000S\000e\000a\000b\000e\000d\000\040\000P\000o\000l\000l\000u\000t\000i\000o\000n}{section.1.6}% 25
\BOOKMARK [2][-]{subsection.1.6.2}{\376\377\000D\000a\000t\000a\000-\000D\000r\000i\000v\000e\000n\000\040\000C\000o\000n\000s\000e\000r\000v\000a\000t\000i\000o\000n}{section.1.6}% 26
\BOOKMARK [2][-]{subsection.1.6.3}{\376\377\000I\000m\000p\000r\000o\000v\000e\000d\000\040\000U\000n\000d\000e\000r\000w\000a\000t\000e\000r\000\040\000I\000n\000f\000r\000a\000s\000t\000r\000u\000c\000t\000u\000r\000e\000\040\000M\000a\000i\000n\000t\000e\000n\000a\000n\000c\000e}{section.1.6}% 27
\BOOKMARK [1][-]{section.1.7}{\376\377\000C\000a\000p\000s\000t\000o\000n\000e\000\040\000D\000e\000s\000i\000g\000n\000\040\000D\000e\000t\000a\000i\000l\000s}{chapter.1}% 28
\BOOKMARK [2][-]{subsection.1.7.1}{\376\377\000A\000p\000p\000l\000i\000c\000a\000t\000i\000o\000n\000\040\000o\000f\000\040\000K\000n\000o\000w\000l\000e\000d\000g\000e\000\040\000a\000n\000d\000\040\000S\000k\000i\000l\000l\000s\000\040\000f\000r\000o\000m\000\040\000P\000r\000e\000v\000i\000o\000u\000s\000\040\000C\000o\000u\000r\000s\000e\000s}{section.1.7}% 29
\BOOKMARK [2][-]{subsection.1.7.2}{\376\377\000D\000e\000s\000i\000g\000n\000\040\000o\000f\000\040\000a\000\040\000D\000e\000v\000i\000c\000e}{section.1.7}% 30
\BOOKMARK [0][-]{chapter.2}{\376\377\000R\000E\000L\000A\000T\000E\000D\000\040\000T\000H\000E\000O\000R\000I\000E\000S\000\040\000A\000N\000D\000\040\000L\000I\000T\000E\000R\000A\000T\000U\000R\000E\000\040\000R\000E\000V\000I\000E\000W}{}% 31
\BOOKMARK [1][-]{section.2.1}{\376\377\000R\000E\000L\000A\000T\000E\000D\000\040\000T\000H\000E\000O\000R\000I\000E\000S}{chapter.2}% 32
\BOOKMARK [1][-]{section.2.2}{\376\377\000L\000I\000T\000E\000R\000A\000T\000U\000R\000E\000\040\000R\000E\000V\000I\000E\000W}{chapter.2}% 33
\BOOKMARK [1][-]{section.2.3}{\376\377\000S\000U\000M\000M\000A\000R\000Y}{chapter.2}% 34
\BOOKMARK [0][-]{chapter.3}{\376\377\000M\000E\000C\000H\000A\000N\000I\000C\000A\000L\000\040\000D\000E\000S\000I\000G\000N}{}% 35
\BOOKMARK [1][-]{section.3.1}{\376\377\000F\000R\000A\000M\000E\000\040\000A\000N\000D\000\040\000S\000T\000R\000U\000C\000T\000U\000R\000E}{chapter.3}% 36
\BOOKMARK [1][-]{section.3.2}{\376\377\000C\000O\000M\000P\000O\000N\000E\000N\000T\000\040\000L\000A\000Y\000O\000U\000T}{chapter.3}% 37
\BOOKMARK [0][-]{chapter.4}{\376\377\000E\000L\000E\000C\000T\000R\000I\000C\000A\000L\000\040\000D\000E\000S\000I\000G\000N}{}% 38
\BOOKMARK [1][-]{section.4.1}{\376\377\000P\000O\000W\000E\000R\000\040\000S\000Y\000S\000T\000E\000M}{chapter.4}% 39
\BOOKMARK [1][-]{section.4.2}{\376\377\000S\000E\000N\000S\000O\000R\000S\000\040\000A\000N\000D\000\040\000A\000C\000T\000U\000A\000T\000O\000R\000S}{chapter.4}% 40
\BOOKMARK [0][-]{chapter.5}{\376\377\000C\000O\000N\000C\000L\000U\000S\000I\000O\000N\000\040\000A\000N\000D\000\040\000F\000U\000T\000U\000R\000E\000\040\000W\000O\000R\000K}{}% 41
\BOOKMARK [1][-]{section.5.1}{\376\377\000C\000O\000N\000C\000L\000U\000S\000I\000O\000N}{chapter.5}% 42
\BOOKMARK [1][-]{section.5.2}{\376\377\000C\000O\000N\000T\000R\000I\000B\000U\000T\000I\000O\000N\000S}{chapter.5}% 43
\BOOKMARK [1][-]{section.5.3}{\376\377\000F\000U\000T\000U\000R\000E\000\040\000W\000O\000R\000K}{chapter.5}% 44
\BOOKMARK [0][-]{section.5.3}{\376\377\000B\000I\000B\000L\000I\000O\000G\000R\000A\000P\000H\000Y}{}% 45
\BOOKMARK [0][-]{section.5.3}{\376\377\000A\000p\000p\000e\000n\000d\000i\000x\000\040\000A\000\040\000A\000d\000d\000i\000t\000i\000o\000n\000a\000l\000\040\000M\000a\000t\000e\000r\000i\000a\000l\000s}{}% 46
\BOOKMARK [0][-]{appendix*.5}{\376\377\000A\000U\000T\000H\000O\000R\000\040\000B\000I\000O\000G\000R\000A\000P\000H\000Y}{}% 47
